// Jest Snapshot v1, https://goo.gl/fbAQLP

exports[`the Card component should render 1`] = `
<View
  style={
    Object {
      "borderRadius": 6,
      "borderWidth": 1,
      "height": 400,
      "width": "92%",
    }
  }
/>
`;
